// Jest Snapshot v1, https://goo.gl/fbAQLP

exports[`expect to render CardList component 1`] = `
ShallowWrapper {
  Symbol(enzyme.__root__): [Circular],
  Symbol(enzyme.__unrendered__): <WithStyles(ExpencesCardList)
    expences={
        Array [
            Object {
              "amount": 200,
              "tag": "Household",
              "timestamp": 1970-01-01T00:00:00.000Z,
            },
            Object {
              "amount": 300,
              "tag": "Food",
              "timestamp": 1970-01-01T00:00:00.000Z,
            },
            Object {
              "amount": 500,
              "tag": "Food",
              "timestamp": 1970-01-01T00:00:00.000Z,
            },
          ]
    }
/>,
  Symbol(enzyme.__renderer__): Object {
    "batchedUpdates": [Function],
    "getNode": [Function],
    "render": [Function],
    "simulateError": [Function],
    "simulateEvent": [Function],
    "unmount": [Function],
  },
  Symbol(enzyme.__node__): Object {
    "instance": null,
    "key": undefined,
    "nodeType": "class",
    "props": Object {
      "classes": Object {
        "control": "ExpencesCardList-control-3",
        "emptyList": "ExpencesCardList-emptyList-4",
        "paper": "ExpencesCardList-paper-2",
        "root": "ExpencesCardList-root-1",
      },
      "expences": Array [
        Object {
          "amount": 200,
          "tag": "Household",
          "timestamp": 1970-01-01T00:00:00.000Z,
        },
        Object {
          "amount": 300,
          "tag": "Food",
          "timestamp": 1970-01-01T00:00:00.000Z,
        },
        Object {
          "amount": 500,
          "tag": "Food",
          "timestamp": 1970-01-01T00:00:00.000Z,
        },
      ],
    },
    "ref": null,
    "rendered": null,
    "type": [Function],
  },
  Symbol(enzyme.__nodes__): Array [
    Object {
      "instance": null,
      "key": undefined,
      "nodeType": "class",
      "props": Object {
        "classes": Object {
          "control": "ExpencesCardList-control-3",
          "emptyList": "ExpencesCardList-emptyList-4",
          "paper": "ExpencesCardList-paper-2",
          "root": "ExpencesCardList-root-1",
        },
        "expences": Array [
          Object {
            "amount": 200,
            "tag": "Household",
            "timestamp": 1970-01-01T00:00:00.000Z,
          },
          Object {
            "amount": 300,
            "tag": "Food",
            "timestamp": 1970-01-01T00:00:00.000Z,
          },
          Object {
            "amount": 500,
            "tag": "Food",
            "timestamp": 1970-01-01T00:00:00.000Z,
          },
        ],
      },
      "ref": null,
      "rendered": null,
      "type": [Function],
    },
  ],
  Symbol(enzyme.__options__): Object {
    "adapter": ReactSixteenAdapter {
      "options": Object {
        "enableComponentDidUpdateOnSetState": true,
        "lifecycles": Object {
          "componentDidUpdate": Object {
            "onSetState": true,
          },
          "getDerivedStateFromProps": true,
          "getSnapshotBeforeUpdate": true,
          "setState": Object {
            "skipsComponentDidUpdateOnNullish": true,
          },
        },
      },
    },
    "attachTo": undefined,
    "hydrateIn": undefined,
  },
}
`;
