// Jest Snapshot v1, https://goo.gl/fbAQLP

exports[`expect to render CardList component 1`] = `
ShallowWrapper {
  Symbol(enzyme.__root__): [Circular],
  Symbol(enzyme.__unrendered__): <ExpenceHistory
    expences={
        Array [
            Object {
              "amount": 200,
              "tag": "Household",
              "timestamp": 1970-01-01T00:00:00.000Z,
            },
            Object {
              "amount": 300,
              "tag": "Food",
              "timestamp": 1970-01-01T00:00:00.000Z,
            },
            Object {
              "amount": 500,
              "tag": "Food",
              "timestamp": 1970-01-01T00:00:00.000Z,
            },
          ]
    }
/>,
  Symbol(enzyme.__renderer__): Object {
    "batchedUpdates": [Function],
    "getNode": [Function],
    "render": [Function],
    "simulateError": [Function],
    "simulateEvent": [Function],
    "unmount": [Function],
  },
  Symbol(enzyme.__node__): Object {
    "instance": null,
    "key": undefined,
    "nodeType": "host",
    "props": Object {
      "children": <div
        className="center"
        style={
                Object {
                        "marginBottom": "4em",
                      }
        }
>
        <h1
                style={
                        Object {
                                "fontWeight": "300",
                              }
                }
        >
                History
        </h1>
        <Switches
                checkedA={true}
                checkedB={false}
                handleChange={[Function]}
                title1="This year"
                title2="This month"
        />
        <div
                className="center"
                style={
                        Object {
                                "height": "60vh",
                                "position": "relative",
                                "width": "80vw",
                              }
                }
        >
                <Line
                        data={[Function]}
                        options={
                                Object {
                                        "animation": Object {
                                          "easing": "easeOutExpo",
                                        },
                                        "legend": Object {
                                          "position": "bottom",
                                        },
                                        "maintainAspectRatio": false,
                                        "scales": Object {
                                          "xAxes": Array [
                                            Object {
                                              "gridLines": Object {
                                                "zeroLineColor": "transparent",
                                              },
                                              "ticks": Object {
                                                "fontColor": "rgba(0,0,0,0.5)",
                                                "padding": 20,
                                              },
                                            },
                                          ],
                                          "yAxes": Array [
                                            Object {
                                              "fontFamily": "Roboto",
                                              "gridLines": Object {
                                                "display": false,
                                                "drawTicks": false,
                                              },
                                              "ticks": Object {
                                                "beginAtZero": true,
                                                "callback": [Function],
                                                "fontColor": "rgba(0,0,0,0.5)",
                                                "fontStyle": "bold",
                                                "maxTicksLimit": 5,
                                                "padding": 20,
                                                "suggestedMax": 100,
                                                "suggestedMin": 10,
                                              },
                                            },
                                          ],
                                        },
                                      }
                        }
                />
        </div>
</div>,
    },
    "ref": null,
    "rendered": Object {
      "instance": null,
      "key": undefined,
      "nodeType": "host",
      "props": Object {
        "children": Array [
          <h1
            style={
                        Object {
                                    "fontWeight": "300",
                                  }
            }
>
            History
</h1>,
          <Switches
            checkedA={true}
            checkedB={false}
            handleChange={[Function]}
            title1="This year"
            title2="This month"
/>,
          <div
            className="center"
            style={
                        Object {
                                    "height": "60vh",
                                    "position": "relative",
                                    "width": "80vw",
                                  }
            }
>
            <Line
                        data={[Function]}
                        options={
                                    Object {
                                                "animation": Object {
                                                  "easing": "easeOutExpo",
                                                },
                                                "legend": Object {
                                                  "position": "bottom",
                                                },
                                                "maintainAspectRatio": false,
                                                "scales": Object {
                                                  "xAxes": Array [
                                                    Object {
                                                      "gridLines": Object {
                                                        "zeroLineColor": "transparent",
                                                      },
                                                      "ticks": Object {
                                                        "fontColor": "rgba(0,0,0,0.5)",
                                                        "padding": 20,
                                                      },
                                                    },
                                                  ],
                                                  "yAxes": Array [
                                                    Object {
                                                      "fontFamily": "Roboto",
                                                      "gridLines": Object {
                                                        "display": false,
                                                        "drawTicks": false,
                                                      },
                                                      "ticks": Object {
                                                        "beginAtZero": true,
                                                        "callback": [Function],
                                                        "fontColor": "rgba(0,0,0,0.5)",
                                                        "fontStyle": "bold",
                                                        "maxTicksLimit": 5,
                                                        "padding": 20,
                                                        "suggestedMax": 100,
                                                        "suggestedMin": 10,
                                                      },
                                                    },
                                                  ],
                                                },
                                              }
                        }
            />
</div>,
        ],
        "className": "center",
        "style": Object {
          "marginBottom": "4em",
        },
      },
      "ref": null,
      "rendered": Array [
        Object {
          "instance": null,
          "key": undefined,
          "nodeType": "host",
          "props": Object {
            "children": "History",
            "style": Object {
              "fontWeight": "300",
            },
          },
          "ref": null,
          "rendered": "History",
          "type": "h1",
        },
        Object {
          "instance": null,
          "key": undefined,
          "nodeType": "class",
          "props": Object {
            "checkedA": true,
            "checkedB": false,
            "handleChange": [Function],
            "title1": "This year",
            "title2": "This month",
          },
          "ref": null,
          "rendered": null,
          "type": [Function],
        },
        Object {
          "instance": null,
          "key": undefined,
          "nodeType": "host",
          "props": Object {
            "children": <Line
              data={[Function]}
              options={
                            Object {
                                          "animation": Object {
                                            "easing": "easeOutExpo",
                                          },
                                          "legend": Object {
                                            "position": "bottom",
                                          },
                                          "maintainAspectRatio": false,
                                          "scales": Object {
                                            "xAxes": Array [
                                              Object {
                                                "gridLines": Object {
                                                  "zeroLineColor": "transparent",
                                                },
                                                "ticks": Object {
                                                  "fontColor": "rgba(0,0,0,0.5)",
                                                  "padding": 20,
                                                },
                                              },
                                            ],
                                            "yAxes": Array [
                                              Object {
                                                "fontFamily": "Roboto",
                                                "gridLines": Object {
                                                  "display": false,
                                                  "drawTicks": false,
                                                },
                                                "ticks": Object {
                                                  "beginAtZero": true,
                                                  "callback": [Function],
                                                  "fontColor": "rgba(0,0,0,0.5)",
                                                  "fontStyle": "bold",
                                                  "maxTicksLimit": 5,
                                                  "padding": 20,
                                                  "suggestedMax": 100,
                                                  "suggestedMin": 10,
                                                },
                                              },
                                            ],
                                          },
                                        }
              }
/>,
            "className": "center",
            "style": Object {
              "height": "60vh",
              "position": "relative",
              "width": "80vw",
            },
          },
          "ref": null,
          "rendered": Object {
            "instance": null,
            "key": undefined,
            "nodeType": "class",
            "props": Object {
              "data": [Function],
              "options": Object {
                "animation": Object {
                  "easing": "easeOutExpo",
                },
                "legend": Object {
                  "position": "bottom",
                },
                "maintainAspectRatio": false,
                "scales": Object {
                  "xAxes": Array [
                    Object {
                      "gridLines": Object {
                        "zeroLineColor": "transparent",
                      },
                      "ticks": Object {
                        "fontColor": "rgba(0,0,0,0.5)",
                        "padding": 20,
                      },
                    },
                  ],
                  "yAxes": Array [
                    Object {
                      "fontFamily": "Roboto",
                      "gridLines": Object {
                        "display": false,
                        "drawTicks": false,
                      },
                      "ticks": Object {
                        "beginAtZero": true,
                        "callback": [Function],
                        "fontColor": "rgba(0,0,0,0.5)",
                        "fontStyle": "bold",
                        "maxTicksLimit": 5,
                        "padding": 20,
                        "suggestedMax": 100,
                        "suggestedMin": 10,
                      },
                    },
                  ],
                },
              },
            },
            "ref": null,
            "rendered": null,
            "type": [Function],
          },
          "type": "div",
        },
      ],
      "type": "div",
    },
    "type": "div",
  },
  Symbol(enzyme.__nodes__): Array [
    Object {
      "instance": null,
      "key": undefined,
      "nodeType": "host",
      "props": Object {
        "children": <div
          className="center"
          style={
                    Object {
                              "marginBottom": "4em",
                            }
          }
>
          <h1
                    style={
                              Object {
                                        "fontWeight": "300",
                                      }
                    }
          >
                    History
          </h1>
          <Switches
                    checkedA={true}
                    checkedB={false}
                    handleChange={[Function]}
                    title1="This year"
                    title2="This month"
          />
          <div
                    className="center"
                    style={
                              Object {
                                        "height": "60vh",
                                        "position": "relative",
                                        "width": "80vw",
                                      }
                    }
          >
                    <Line
                              data={[Function]}
                              options={
                                        Object {
                                                  "animation": Object {
                                                    "easing": "easeOutExpo",
                                                  },
                                                  "legend": Object {
                                                    "position": "bottom",
                                                  },
                                                  "maintainAspectRatio": false,
                                                  "scales": Object {
                                                    "xAxes": Array [
                                                      Object {
                                                        "gridLines": Object {
                                                          "zeroLineColor": "transparent",
                                                        },
                                                        "ticks": Object {
                                                          "fontColor": "rgba(0,0,0,0.5)",
                                                          "padding": 20,
                                                        },
                                                      },
                                                    ],
                                                    "yAxes": Array [
                                                      Object {
                                                        "fontFamily": "Roboto",
                                                        "gridLines": Object {
                                                          "display": false,
                                                          "drawTicks": false,
                                                        },
                                                        "ticks": Object {
                                                          "beginAtZero": true,
                                                          "callback": [Function],
                                                          "fontColor": "rgba(0,0,0,0.5)",
                                                          "fontStyle": "bold",
                                                          "maxTicksLimit": 5,
                                                          "padding": 20,
                                                          "suggestedMax": 100,
                                                          "suggestedMin": 10,
                                                        },
                                                      },
                                                    ],
                                                  },
                                                }
                              }
                    />
          </div>
</div>,
      },
      "ref": null,
      "rendered": Object {
        "instance": null,
        "key": undefined,
        "nodeType": "host",
        "props": Object {
          "children": Array [
            <h1
              style={
                            Object {
                                          "fontWeight": "300",
                                        }
              }
>
              History
</h1>,
            <Switches
              checkedA={true}
              checkedB={false}
              handleChange={[Function]}
              title1="This year"
              title2="This month"
/>,
            <div
              className="center"
              style={
                            Object {
                                          "height": "60vh",
                                          "position": "relative",
                                          "width": "80vw",
                                        }
              }
>
              <Line
                            data={[Function]}
                            options={
                                          Object {
                                                        "animation": Object {
                                                          "easing": "easeOutExpo",
                                                        },
                                                        "legend": Object {
                                                          "position": "bottom",
                                                        },
                                                        "maintainAspectRatio": false,
                                                        "scales": Object {
                                                          "xAxes": Array [
                                                            Object {
                                                              "gridLines": Object {
                                                                "zeroLineColor": "transparent",
                                                              },
                                                              "ticks": Object {
                                                                "fontColor": "rgba(0,0,0,0.5)",
                                                                "padding": 20,
                                                              },
                                                            },
                                                          ],
                                                          "yAxes": Array [
                                                            Object {
                                                              "fontFamily": "Roboto",
                                                              "gridLines": Object {
                                                                "display": false,
                                                                "drawTicks": false,
                                                              },
                                                              "ticks": Object {
                                                                "beginAtZero": true,
                                                                "callback": [Function],
                                                                "fontColor": "rgba(0,0,0,0.5)",
                                                                "fontStyle": "bold",
                                                                "maxTicksLimit": 5,
                                                                "padding": 20,
                                                                "suggestedMax": 100,
                                                                "suggestedMin": 10,
                                                              },
                                                            },
                                                          ],
                                                        },
                                                      }
                            }
              />
</div>,
          ],
          "className": "center",
          "style": Object {
            "marginBottom": "4em",
          },
        },
        "ref": null,
        "rendered": Array [
          Object {
            "instance": null,
            "key": undefined,
            "nodeType": "host",
            "props": Object {
              "children": "History",
              "style": Object {
                "fontWeight": "300",
              },
            },
            "ref": null,
            "rendered": "History",
            "type": "h1",
          },
          Object {
            "instance": null,
            "key": undefined,
            "nodeType": "class",
            "props": Object {
              "checkedA": true,
              "checkedB": false,
              "handleChange": [Function],
              "title1": "This year",
              "title2": "This month",
            },
            "ref": null,
            "rendered": null,
            "type": [Function],
          },
          Object {
            "instance": null,
            "key": undefined,
            "nodeType": "host",
            "props": Object {
              "children": <Line
                data={[Function]}
                options={
                                Object {
                                                "animation": Object {
                                                  "easing": "easeOutExpo",
                                                },
                                                "legend": Object {
                                                  "position": "bottom",
                                                },
                                                "maintainAspectRatio": false,
                                                "scales": Object {
                                                  "xAxes": Array [
                                                    Object {
                                                      "gridLines": Object {
                                                        "zeroLineColor": "transparent",
                                                      },
                                                      "ticks": Object {
                                                        "fontColor": "rgba(0,0,0,0.5)",
                                                        "padding": 20,
                                                      },
                                                    },
                                                  ],
                                                  "yAxes": Array [
                                                    Object {
                                                      "fontFamily": "Roboto",
                                                      "gridLines": Object {
                                                        "display": false,
                                                        "drawTicks": false,
                                                      },
                                                      "ticks": Object {
                                                        "beginAtZero": true,
                                                        "callback": [Function],
                                                        "fontColor": "rgba(0,0,0,0.5)",
                                                        "fontStyle": "bold",
                                                        "maxTicksLimit": 5,
                                                        "padding": 20,
                                                        "suggestedMax": 100,
                                                        "suggestedMin": 10,
                                                      },
                                                    },
                                                  ],
                                                },
                                              }
                }
/>,
              "className": "center",
              "style": Object {
                "height": "60vh",
                "position": "relative",
                "width": "80vw",
              },
            },
            "ref": null,
            "rendered": Object {
              "instance": null,
              "key": undefined,
              "nodeType": "class",
              "props": Object {
                "data": [Function],
                "options": Object {
                  "animation": Object {
                    "easing": "easeOutExpo",
                  },
                  "legend": Object {
                    "position": "bottom",
                  },
                  "maintainAspectRatio": false,
                  "scales": Object {
                    "xAxes": Array [
                      Object {
                        "gridLines": Object {
                          "zeroLineColor": "transparent",
                        },
                        "ticks": Object {
                          "fontColor": "rgba(0,0,0,0.5)",
                          "padding": 20,
                        },
                      },
                    ],
                    "yAxes": Array [
                      Object {
                        "fontFamily": "Roboto",
                        "gridLines": Object {
                          "display": false,
                          "drawTicks": false,
                        },
                        "ticks": Object {
                          "beginAtZero": true,
                          "callback": [Function],
                          "fontColor": "rgba(0,0,0,0.5)",
                          "fontStyle": "bold",
                          "maxTicksLimit": 5,
                          "padding": 20,
                          "suggestedMax": 100,
                          "suggestedMin": 10,
                        },
                      },
                    ],
                  },
                },
              },
              "ref": null,
              "rendered": null,
              "type": [Function],
            },
            "type": "div",
          },
        ],
        "type": "div",
      },
      "type": "div",
    },
  ],
  Symbol(enzyme.__options__): Object {
    "adapter": ReactSixteenAdapter {
      "options": Object {
        "enableComponentDidUpdateOnSetState": true,
        "lifecycles": Object {
          "componentDidUpdate": Object {
            "onSetState": true,
          },
          "getDerivedStateFromProps": true,
          "getSnapshotBeforeUpdate": true,
          "setState": Object {
            "skipsComponentDidUpdateOnNullish": true,
          },
        },
      },
    },
    "attachTo": undefined,
    "hydrateIn": undefined,
  },
}
`;
